HI-TECH Software C Compiler 

Linker command line:

--edf=C:\Program Files\HI-TECH Software\PICC\9.83\dat\en_msgs.txt -cs \
  -h+SPI MASTER.c.sym -z -Q16F877A -ol.obj -MSPI MASTER.c.map -E1 \
  -ACONST=00h-0FFhx32 -ACODE=00h-07FFhx4 -ASTRCODE=00h-01FFFh \
  -AENTRY=00h-0FFhx32 -ASTRING=00h-0FFhx32 -ABANK0=020h-06Fh \
  -ABANK1=0A0h-0EFh -ABANK2=0110h-016Fh -ABANK3=0190h-01EFh \
  -ARAM=020h-06Fh,0A0h-0EFh,0110h-016Fh,0190h-01EFh \
  -AABS1=020h-07Fh,0A0h-0EFh,0110h-016Fh,0190h-01EFh -ACOMMON=070h-07Fh \
  -ASFR0=00h-01Fh -ASFR1=080h-09Fh -ASFR2=0100h-010Fh -ASFR3=0180h-018Fh \
  -preset_vec=00h,intentry,init,end_init -ppowerup=CODE -pfunctab=CODE \
  -ACONFIG=02007h-02007h -pconfig=CONFIG -DCONFIG=2 -AIDLOC=02000h-02003h \
  -pidloc=IDLOC -DIDLOC=2 -AEEDATA=00h-0FFh/02100h -peeprom_data=EEDATA \
  -DEEDATA=2 -DCODE=2 -DSTRCODE=2 -DSTRING=2 -DCONST=2 -DENTRY=2 -k \
  startup.obj SPI MASTER.c.obj 

Object code version is 3.10

Machine type is 16F877A



                Name                               Link     Load   Length Selector   Space Scale
startup.obj     end_init                              0        0        3        0       0
SPI MASTER.c.obj
                config                             2007     2007        1     400E       0
                text124                             706      706        C      E0C       0
                text123                             770      770       2F      EE0       0
                text122                             79F      79F       2F      F3E       0
                text121                             746      746       2A      E8C       0
                text120                             725      725       21      E4A       0
                text119                             712      712       13      E24       0
                maintext                            7CE      7CE       32      F9C       0
                cstackCOMMON                         70       70        5       70       1
                cinit                               702      702        4      E04       0
                strings                               3        3       10        6       0

TOTAL           Name                               Link     Load   Length     Space
        CLASS   CONST          

        CLASS   CODE           
                end_init                              0        0        3         0
                text124                             706      706        C         0
                text123                             770      770       2F         0
                text122                             79F      79F       2F         0
                text121                             746      746       2A         0
                text120                             725      725       21         0
                text119                             712      712       13         0
                maintext                            7CE      7CE       32         0
                cinit                               702      702        4         0

        CLASS   STRCODE        

        CLASS   ENTRY          

        CLASS   STRING         
                strings                               3        3       10         0

        CLASS   BANK0          

        CLASS   BANK1          

        CLASS   BANK2          

        CLASS   BANK3          

        CLASS   RAM            

        CLASS   ABS1           
                abs_s1                               7E       7E        2         1

        CLASS   COMMON         
                cstackCOMMON                         70       70        5         1

        CLASS   SFR0           

        CLASS   SFR1           

        CLASS   SFR2           

        CLASS   SFR3           

        CLASS   CONFIG         
                config                             2007     2007        1         0

        CLASS   IDLOC          

        CLASS   EEDATA         



SEGMENTS        Name                           Load    Length   Top    Selector   Space  Class     Delta

                reset_vec                      000000  000003  000003         0       0  CODE        2
                strings                        000003  000010  000013         6       0  STRING      2
                cstackCOMMON                   000070  000005  000075        70       1  COMMON      1
                cinit                          000702  000004  000706       E04       0  CODE        2
                text124                        000706  00000C  000712       E0C       0  CODE        2
                text119                        000712  000013  000725       E24       0  CODE        2
                text120                        000725  000021  000746       E4A       0  CODE        2
                text121                        000746  00002A  000770       E8C       0  CODE        2
                text123                        000770  00002F  00079F       EE0       0  CODE        2
                text122                        00079F  00002F  0007CE       F3E       0  CODE        2
                maintext                       0007CE  000032  000800       F9C       0  CODE        2
                config                         002007  000001  002008      400E       0  CONFIG      2


UNUSED ADDRESS RANGES

        Name                Unused          Largest block    Delta
        BANK0            0020-006F             50           1
        BANK1            00A0-00EF             50           1
        BANK2            0110-016F             60           1
        BANK3            0190-01EF             60           1
        CODE             0013-0701            6EF           2
                         0800-1FFF            800
        COMMON           0075-007D              9           1
        CONST            0013-0701            100           2
                         0800-1FFF            100
        EEDATA           2100-21FF            100           2
        ENTRY            0013-0701            100           2
                         0800-1FFF            100
        IDLOC            2000-2003              4           2
        RAM              0020-006F             50           1
                         00A0-00EF             50
                         0110-016F             60
                         0190-01EF             60
        SFR0             0000-001F             20           1
        SFR1             0080-009F             20           1
        SFR2             0100-010F             10           1
        SFR3             0180-018F             10           1
        STRCODE          0013-0701            6EF           2
                         0800-1FFF           1800
        STRING           0013-0701            100           2
                         0800-1FFF            100

                                  Symbol Table

??_Lcd_Command              cstackCOMMON 0070
??_Lcd_Data                 cstackCOMMON 0070
??_Lcd_Intialization        cstackCOMMON 0073
??_Lcd_String               cstackCOMMON 0073
??_SPI_Send_Data            cstackCOMMON 0070
??_SPI_String               cstackCOMMON 0071
??_main                     cstackCOMMON 0075
?_Lcd_Command               cstackCOMMON 0070
?_Lcd_Data                  cstackCOMMON 0070
?_Lcd_Intialization         cstackCOMMON 0070
?_Lcd_String                cstackCOMMON 0070
?_SPI_Send_Data             cstackCOMMON 0070
?_SPI_String                cstackCOMMON 0070
?_main                      cstackCOMMON 0070
Lcd_Command@cmd             cstackCOMMON 0072
Lcd_Data@Data               cstackCOMMON 0072
Lcd_String@Str              cstackCOMMON 0074
SPI_Send_Data@x             cstackCOMMON 0070
SPI_String@Str              cstackCOMMON 0073
_CARRY                      (abs)        0018
_EEADR                      (abs)        010D
_EECON1                     (abs)        018C
_EECON2                     (abs)        018D
_EEDATA                     (abs)        010C
_GIE                        (abs)        005F
_Lcd_Command                text123      0770
_Lcd_Data                   text122      079F
_Lcd_Intialization          text119      0712
_Lcd_String                 text120      0725
_PORTC                      (abs)        0007
_PORTD                      (abs)        0008
_RD                         (abs)        0C60
_RD2                        (abs)        0042
_RD3                        (abs)        0043
_SPI_Send_Data              text124      0706
_SPI_String                 text121      0746
_SSPBUF                     (abs)        0013
_SSPCON                     (abs)        0014
_SSPIF                      (abs)        0063
_SSPSTAT                    (abs)        0094
_TRISC                      (abs)        0087
_TRISD                      (abs)        0088
_WR                         (abs)        0C61
_WREN                       (abs)        0C62
__Habs1                     abs1         0000
__Hbank0                    bank0        0000
__Hbank1                    bank1        0000
__Hbank2                    bank2        0000
__Hbank3                    bank3        0000
__Hcinit                    cinit        0000
__Hclrtext                  clrtext      0000
__Hcode                     code         0000
__Hcommon                   common       0000
__Hconfig                   config       2008
__HcstackCOMMON             cstackCOMMON 0000
__Heeprom_data              eeprom_data  0000
__Hend_init                 end_init     0003
__Hfunctab                  functab      0000
__Hidloc                    idloc        0000
__Hinit                     init         0000
__Hintentry                 intentry     0000
__Hmaintext                 maintext     0000
__Hpowerup                  powerup      0000
__Hram                      ram          0000
__Hreset_vec                reset_vec    0000
__Hsfr0                     sfr0         0000
__Hsfr1                     sfr1         0000
__Hsfr2                     sfr2         0000
__Hsfr3                     sfr3         0000
__Hstrings                  strings      0000
__Htext                     text         0000
__Labs1                     abs1         0000
__Lbank0                    bank0        0000
__Lbank1                    bank1        0000
__Lbank2                    bank2        0000
__Lbank3                    bank3        0000
__Lcinit                    cinit        0000
__Lclrtext                  clrtext      0000
__Lcode                     code         0000
__Lcommon                   common       0000
__Lconfig                   config       2007
__LcstackCOMMON             cstackCOMMON 0000
__Leeprom_data              eeprom_data  0000
__Lend_init                 end_init     0000
__Lfunctab                  functab      0000
__Lidloc                    idloc        0000
__Linit                     init         0000
__Lintentry                 intentry     0000
__Lmaintext                 maintext     0000
__Lpowerup                  powerup      0000
__Lram                      ram          0000
__Lreset_vec                reset_vec    0000
__Lsfr0                     sfr0         0000
__Lsfr1                     sfr1         0000
__Lsfr2                     sfr2         0000
__Lsfr3                     sfr3         0000
__Lstrings                  strings      0000
__Ltext                     text         0000
__S0                        (abs)        2008
__S1                        (abs)        0075
__S2                        (abs)        0000
__end_of_Lcd_Command        text123      079F
__end_of_Lcd_Data           text122      07CE
__end_of_Lcd_Intialization  text119      0725
__end_of_Lcd_String         text120      0746
__end_of_SPI_Send_Data      text124      0712
__end_of_SPI_String         text121      0770
__end_of_main               maintext     0800
__pcstackCOMMON             cstackCOMMON 0070
__pmaintext                 maintext     07CE
__pstrings                  strings      0003
__ptext118                  text118      0000
__ptext119                  text119      0712
__ptext120                  text120      0725
__ptext121                  text121      0746
__ptext122                  text122      079F
__ptext123                  text123      0770
__ptext124                  text124      0706
__ptext125                  text125      0000
__size_of_Lcd_Command       (abs)        0000
__size_of_Lcd_Data          (abs)        0000
__size_of_Lcd_Intialization (abs)        0000
__size_of_Lcd_String        (abs)        0000
__size_of_SPI_Send_Data     (abs)        0000
__size_of_SPI_String        (abs)        0000
__size_of_main              (abs)        0000
_exit                       init         0000
_main                       maintext     07CE
btemp                       (abs)        007E
end_of_initialization       cinit        0702
intlevel0                   functab      0000
intlevel1                   functab      0000
intlevel2                   functab      0000
intlevel3                   functab      0000
intlevel4                   functab      0000
intlevel5                   functab      0000
reset_vec                   reset_vec    0000
start                       init         0000
start_initialization        cinit        0702
wtemp0                      (abs)        007E
